// Jest Snapshot v1, https://goo.gl/fbAQLP

exports[`Download should render correctly  1`] = `ShallowWrapper {}`;
